// Jest Snapshot v1, https://goo.gl/fbAQLP

exports[`matches custom header snapshot 1`] = `
<div
  className="MuiTableContainer-root"
  style={
    Object {
      "maxHeight": "300px",
    }
  }
>
  <table
    className="MuiTable-root MuiTable-stickyHeader"
    role={null}
  >
    <thead
      className="MuiTableHead-root"
      role={null}
    >
      <tr
        className="MuiTableRow-root MuiTableRow-head"
        data-testid="header"
        role={null}
      >
        <th
          aria-sort={null}
          className="MuiTableCell-root MuiTableCell-head WithStyles(ForwardRef(TableCell))-head-1 MuiTableCell-stickyHeader"
          scope="col"
        >
          c11
        </th>
        <th
          aria-sort={null}
          className="MuiTableCell-root MuiTableCell-head WithStyles(ForwardRef(TableCell))-head-1 MuiTableCell-stickyHeader"
          scope="col"
        >
          c12
        </th>
        <th
          aria-sort={null}
          className="MuiTableCell-root MuiTableCell-head WithStyles(ForwardRef(TableCell))-head-1 MuiTableCell-stickyHeader"
          scope="col"
        >
          c13
        </th>
      </tr>
    </thead>
    <tbody
      className="MuiTableBody-root"
      role={null}
    >
      <tr
        className="MuiTableRow-root"
        data-testid="row"
        role={null}
      >
        <td
          aria-sort={null}
          className="MuiTableCell-root MuiTableCell-body"
        >
          v11
        </td>
        <td
          aria-sort={null}
          className="MuiTableCell-root MuiTableCell-body"
        >
          v12
        </td>
        <td
          aria-sort={null}
          className="MuiTableCell-root MuiTableCell-body"
        >
          v13
        </td>
      </tr>
      <tr
        className="MuiTableRow-root"
        data-testid="row"
        role={null}
      >
        <td
          aria-sort={null}
          className="MuiTableCell-root MuiTableCell-body"
        >
          v21
        </td>
        <td
          aria-sort={null}
          className="MuiTableCell-root MuiTableCell-body"
        >
          v22
        </td>
        <td
          aria-sort={null}
          className="MuiTableCell-root MuiTableCell-body"
        >
          v23
        </td>
      </tr>
    </tbody>
  </table>
</div>
`;

exports[`matches infered header snapshot 1`] = `
<div
  className="MuiTableContainer-root"
  style={
    Object {
      "maxHeight": "300px",
    }
  }
>
  <table
    className="MuiTable-root MuiTable-stickyHeader"
    role={null}
  >
    <thead
      className="MuiTableHead-root"
      role={null}
    >
      <tr
        className="MuiTableRow-root MuiTableRow-head"
        data-testid="header"
        role={null}
      >
        <th
          aria-sort={null}
          className="MuiTableCell-root MuiTableCell-head WithStyles(ForwardRef(TableCell))-head-1 MuiTableCell-stickyHeader"
          scope="col"
        >
          c11
        </th>
        <th
          aria-sort={null}
          className="MuiTableCell-root MuiTableCell-head WithStyles(ForwardRef(TableCell))-head-1 MuiTableCell-stickyHeader"
          scope="col"
        >
          c12
        </th>
        <th
          aria-sort={null}
          className="MuiTableCell-root MuiTableCell-head WithStyles(ForwardRef(TableCell))-head-1 MuiTableCell-stickyHeader"
          scope="col"
        >
          c13
        </th>
      </tr>
    </thead>
    <tbody
      className="MuiTableBody-root"
      role={null}
    >
      <tr
        className="MuiTableRow-root"
        data-testid="row"
        role={null}
      >
        <td
          aria-sort={null}
          className="MuiTableCell-root MuiTableCell-body"
        >
          v11
        </td>
        <td
          aria-sort={null}
          className="MuiTableCell-root MuiTableCell-body"
        >
          v12
        </td>
        <td
          aria-sort={null}
          className="MuiTableCell-root MuiTableCell-body"
        >
          v13
        </td>
      </tr>
      <tr
        className="MuiTableRow-root"
        data-testid="row"
        role={null}
      >
        <td
          aria-sort={null}
          className="MuiTableCell-root MuiTableCell-body"
        >
          v21
        </td>
        <td
          aria-sort={null}
          className="MuiTableCell-root MuiTableCell-body"
        >
          v22
        </td>
        <td
          aria-sort={null}
          className="MuiTableCell-root MuiTableCell-body"
        >
          v23
        </td>
      </tr>
    </tbody>
  </table>
</div>
`;
